[0.042s] Invoking command in '/home/anubis/work/calypso/ros2/ros2_ws/build/my_cpp_pkg': CMAKE_PREFIX_PATH=${CMAKE_PREFIX_PATH}:/opt/ros/jazzy DEBUGINFOD_URLS=https://debuginfod.ubuntu.com /usr/bin/cmake --build /home/anubis/work/calypso/ros2/ros2_ws/build/my_cpp_pkg -- -j4 -l4
[0.200s] [ 50%] [32mBuilding CXX object CMakeFiles/new_node.dir/src/first_node.cpp.o[0m
[6.486s] [100%] [32m[1mLinking CXX executable new_node[0m
[6.797s] [100%] Built target new_node
[6.818s] Invoked command in '/home/anubis/work/calypso/ros2/ros2_ws/build/my_cpp_pkg' returned '0': CMAKE_PREFIX_PATH=${CMAKE_PREFIX_PATH}:/opt/ros/jazzy DEBUGINFOD_URLS=https://debuginfod.ubuntu.com /usr/bin/cmake --build /home/anubis/work/calypso/ros2/ros2_ws/build/my_cpp_pkg -- -j4 -l4
[6.850s] Invoking command in '/home/anubis/work/calypso/ros2/ros2_ws/build/my_cpp_pkg': CMAKE_PREFIX_PATH=${CMAKE_PREFIX_PATH}:/opt/ros/jazzy DEBUGINFOD_URLS=https://debuginfod.ubuntu.com /usr/bin/cmake --install /home/anubis/work/calypso/ros2/ros2_ws/build/my_cpp_pkg
[6.879s] -- Install configuration: ""
[6.882s] -- Installing: /home/anubis/work/calypso/ros2/ros2_ws/install/my_cpp_pkg/lib/my_cpp_pkg/new_node
[6.889s] -- Set non-toolchain portion of runtime path of "/home/anubis/work/calypso/ros2/ros2_ws/install/my_cpp_pkg/lib/my_cpp_pkg/new_node" to ""
[6.889s] -- Up-to-date: /home/anubis/work/calypso/ros2/ros2_ws/install/my_cpp_pkg/share/ament_index/resource_index/package_run_dependencies/my_cpp_pkg
[6.889s] -- Up-to-date: /home/anubis/work/calypso/ros2/ros2_ws/install/my_cpp_pkg/share/ament_index/resource_index/parent_prefix_path/my_cpp_pkg
[6.890s] -- Up-to-date: /home/anubis/work/calypso/ros2/ros2_ws/install/my_cpp_pkg/share/my_cpp_pkg/environment/ament_prefix_path.sh
[6.890s] -- Up-to-date: /home/anubis/work/calypso/ros2/ros2_ws/install/my_cpp_pkg/share/my_cpp_pkg/environment/ament_prefix_path.dsv
[6.890s] -- Up-to-date: /home/anubis/work/calypso/ros2/ros2_ws/install/my_cpp_pkg/share/my_cpp_pkg/environment/path.sh
[6.890s] -- Up-to-date: /home/anubis/work/calypso/ros2/ros2_ws/install/my_cpp_pkg/share/my_cpp_pkg/environment/path.dsv
[6.890s] -- Up-to-date: /home/anubis/work/calypso/ros2/ros2_ws/install/my_cpp_pkg/share/my_cpp_pkg/local_setup.bash
[6.891s] -- Up-to-date: /home/anubis/work/calypso/ros2/ros2_ws/install/my_cpp_pkg/share/my_cpp_pkg/local_setup.sh
[6.891s] -- Up-to-date: /home/anubis/work/calypso/ros2/ros2_ws/install/my_cpp_pkg/share/my_cpp_pkg/local_setup.zsh
[6.891s] -- Up-to-date: /home/anubis/work/calypso/ros2/ros2_ws/install/my_cpp_pkg/share/my_cpp_pkg/local_setup.dsv
[6.892s] -- Installing: /home/anubis/work/calypso/ros2/ros2_ws/install/my_cpp_pkg/share/my_cpp_pkg/package.dsv
[6.895s] -- Up-to-date: /home/anubis/work/calypso/ros2/ros2_ws/install/my_cpp_pkg/share/ament_index/resource_index/packages/my_cpp_pkg
[6.897s] -- Up-to-date: /home/anubis/work/calypso/ros2/ros2_ws/install/my_cpp_pkg/share/my_cpp_pkg/cmake/my_cpp_pkgConfig.cmake
[6.897s] -- Up-to-date: /home/anubis/work/calypso/ros2/ros2_ws/install/my_cpp_pkg/share/my_cpp_pkg/cmake/my_cpp_pkgConfig-version.cmake
[6.899s] -- Up-to-date: /home/anubis/work/calypso/ros2/ros2_ws/install/my_cpp_pkg/share/my_cpp_pkg/package.xml
[6.900s] Invoked command in '/home/anubis/work/calypso/ros2/ros2_ws/build/my_cpp_pkg' returned '0': CMAKE_PREFIX_PATH=${CMAKE_PREFIX_PATH}:/opt/ros/jazzy DEBUGINFOD_URLS=https://debuginfod.ubuntu.com /usr/bin/cmake --install /home/anubis/work/calypso/ros2/ros2_ws/build/my_cpp_pkg
