[0.020s] Invoking command in '/home/anubis/work/calypso/ros2/ros2_ws/build/my_cpp_pkg': CMAKE_PREFIX_PATH=${CMAKE_PREFIX_PATH}:/opt/ros/jazzy DEBUGINFOD_URLS=https://debuginfod.ubuntu.com /usr/bin/cmake /home/anubis/work/calypso/ros2/ros2_ws/src/my_cpp_pkg -DCMAKE_INSTALL_PREFIX=/home/anubis/work/calypso/ros2/ros2_ws/install/my_cpp_pkg
[0.404s] -- The C compiler identification is GNU 13.3.0
[0.636s] -- The CXX compiler identification is GNU 13.3.0
[0.671s] -- Detecting C compiler ABI info
[0.836s] -- Detecting C compiler ABI info - done
[0.850s] -- Check for working C compiler: /usr/bin/cc - skipped
[0.853s] -- Detecting C compile features
[0.854s] -- Detecting C compile features - done
[0.870s] -- Detecting CXX compiler ABI info
[1.031s] -- Detecting CXX compiler ABI info - done
[1.045s] -- Check for working CXX compiler: /usr/bin/c++ - skipped
[1.045s] -- Detecting CXX compile features
[1.046s] -- Detecting CXX compile features - done
[1.083s] -- Found ament_cmake: 2.5.6 (/opt/ros/jazzy/share/ament_cmake/cmake)
[1.336s] -- Found Python3: /usr/bin/python3 (found version "3.12.3") found components: Interpreter 
[1.562s] -- Found rclcpp: 28.1.18 (/opt/ros/jazzy/share/rclcpp/cmake)
[1.689s] -- Found rosidl_generator_c: 4.6.7 (/opt/ros/jazzy/share/rosidl_generator_c/cmake)
[1.726s] -- Found rosidl_generator_cpp: 4.6.7 (/opt/ros/jazzy/share/rosidl_generator_cpp/cmake)
[1.776s] -- Using all available rosidl_typesupport_c: rosidl_typesupport_fastrtps_c;rosidl_typesupport_introspection_c
[1.824s] -- Using all available rosidl_typesupport_cpp: rosidl_typesupport_fastrtps_cpp;rosidl_typesupport_introspection_cpp
[2.019s] -- Found rmw_implementation_cmake: 7.3.3 (/opt/ros/jazzy/share/rmw_implementation_cmake/cmake)
[2.028s] -- Found rmw_fastrtps_cpp: 8.4.3 (/opt/ros/jazzy/share/rmw_fastrtps_cpp/cmake)
[2.215s] -- Found OpenSSL: /usr/lib/x86_64-linux-gnu/libcrypto.so (found version "3.0.13")  
[2.254s] -- Found FastRTPS: /opt/ros/jazzy/include (Required is at least version "2.13") 
[2.292s] -- Using RMW implementation 'rmw_fastrtps_cpp' as default
[2.470s] -- Found ament_lint_auto: 0.17.5 (/opt/ros/jazzy/share/ament_lint_auto/cmake)
[2.664s] -- Added test 'lint_cmake' to check CMake code style
[2.668s] -- Added test 'xmllint' to check XML markup files
[2.672s] -- Configuring done (2.6s)
[2.681s] -- Generating done (0.0s)
[2.687s] -- Build files have been written to: /home/anubis/work/calypso/ros2/ros2_ws/build/my_cpp_pkg
[2.701s] Invoked command in '/home/anubis/work/calypso/ros2/ros2_ws/build/my_cpp_pkg' returned '0': CMAKE_PREFIX_PATH=${CMAKE_PREFIX_PATH}:/opt/ros/jazzy DEBUGINFOD_URLS=https://debuginfod.ubuntu.com /usr/bin/cmake /home/anubis/work/calypso/ros2/ros2_ws/src/my_cpp_pkg -DCMAKE_INSTALL_PREFIX=/home/anubis/work/calypso/ros2/ros2_ws/install/my_cpp_pkg
[2.703s] Invoking command in '/home/anubis/work/calypso/ros2/ros2_ws/build/my_cpp_pkg': CMAKE_PREFIX_PATH=${CMAKE_PREFIX_PATH}:/opt/ros/jazzy DEBUGINFOD_URLS=https://debuginfod.ubuntu.com /usr/bin/cmake --build /home/anubis/work/calypso/ros2/ros2_ws/build/my_cpp_pkg -- -j4 -l4
[2.768s] Invoked command in '/home/anubis/work/calypso/ros2/ros2_ws/build/my_cpp_pkg' returned '0': CMAKE_PREFIX_PATH=${CMAKE_PREFIX_PATH}:/opt/ros/jazzy DEBUGINFOD_URLS=https://debuginfod.ubuntu.com /usr/bin/cmake --build /home/anubis/work/calypso/ros2/ros2_ws/build/my_cpp_pkg -- -j4 -l4
[2.784s] Invoking command in '/home/anubis/work/calypso/ros2/ros2_ws/build/my_cpp_pkg': CMAKE_PREFIX_PATH=${CMAKE_PREFIX_PATH}:/opt/ros/jazzy DEBUGINFOD_URLS=https://debuginfod.ubuntu.com /usr/bin/cmake --install /home/anubis/work/calypso/ros2/ros2_ws/build/my_cpp_pkg
[2.798s] -- Install configuration: ""
[2.798s] -- Installing: /home/anubis/work/calypso/ros2/ros2_ws/install/my_cpp_pkg/share/ament_index/resource_index/package_run_dependencies/my_cpp_pkg
[2.799s] -- Installing: /home/anubis/work/calypso/ros2/ros2_ws/install/my_cpp_pkg/share/ament_index/resource_index/parent_prefix_path/my_cpp_pkg
[2.799s] -- Installing: /home/anubis/work/calypso/ros2/ros2_ws/install/my_cpp_pkg/share/my_cpp_pkg/environment/ament_prefix_path.sh
[2.799s] -- Installing: /home/anubis/work/calypso/ros2/ros2_ws/install/my_cpp_pkg/share/my_cpp_pkg/environment/ament_prefix_path.dsv
[2.800s] -- Installing: /home/anubis/work/calypso/ros2/ros2_ws/install/my_cpp_pkg/share/my_cpp_pkg/environment/path.sh
[2.800s] -- Installing: /home/anubis/work/calypso/ros2/ros2_ws/install/my_cpp_pkg/share/my_cpp_pkg/environment/path.dsv
[2.800s] -- Installing: /home/anubis/work/calypso/ros2/ros2_ws/install/my_cpp_pkg/share/my_cpp_pkg/local_setup.bash
[2.800s] -- Installing: /home/anubis/work/calypso/ros2/ros2_ws/install/my_cpp_pkg/share/my_cpp_pkg/local_setup.sh
[2.801s] -- Installing: /home/anubis/work/calypso/ros2/ros2_ws/install/my_cpp_pkg/share/my_cpp_pkg/local_setup.zsh
[2.801s] -- Installing: /home/anubis/work/calypso/ros2/ros2_ws/install/my_cpp_pkg/share/my_cpp_pkg/local_setup.dsv
[2.801s] -- Installing: /home/anubis/work/calypso/ros2/ros2_ws/install/my_cpp_pkg/share/my_cpp_pkg/package.dsv
[2.801s] -- Installing: /home/anubis/work/calypso/ros2/ros2_ws/install/my_cpp_pkg/share/ament_index/resource_index/packages/my_cpp_pkg
[2.802s] -- Installing: /home/anubis/work/calypso/ros2/ros2_ws/install/my_cpp_pkg/share/my_cpp_pkg/cmake/my_cpp_pkgConfig.cmake
[2.802s] -- Installing: /home/anubis/work/calypso/ros2/ros2_ws/install/my_cpp_pkg/share/my_cpp_pkg/cmake/my_cpp_pkgConfig-version.cmake
[2.802s] -- Installing: /home/anubis/work/calypso/ros2/ros2_ws/install/my_cpp_pkg/share/my_cpp_pkg/package.xml
[2.805s] Invoked command in '/home/anubis/work/calypso/ros2/ros2_ws/build/my_cpp_pkg' returned '0': CMAKE_PREFIX_PATH=${CMAKE_PREFIX_PATH}:/opt/ros/jazzy DEBUGINFOD_URLS=https://debuginfod.ubuntu.com /usr/bin/cmake --install /home/anubis/work/calypso/ros2/ros2_ws/build/my_cpp_pkg
